com\platform\service\UserService.class
com\platform\service\MessageService.class
com\platform\service\impl\AbstractVirtualNetworkService.class
com\platform\entity\NetworkInfo.class
com\platform\controller\UserController.class
com\platform\service\impl\n2n\N2NVirtualNetworkService.class
com\platform\config\WebSocketConfig.class
com\platform\controller\RoomController.class
com\platform\entity\Room$RoomStatus.class
com\platform\service\VirtualNetworkService.class
com\platform\config\SchedulingConfig.class
com\platform\controller\MessageController.class
com\platform\entity\User.class
com\platform\enums\MessageTarget.class
com\platform\service\RoomService.class
com\platform\repository\RoomRepository.class
com\platform\service\MessageService$1.class
com\platform\service\WebSocketService.class
com\platform\entity\Room.class
com\platform\PlatformApplication.class
com\platform\service\VirtualNetworkFactory.class
com\platform\config\N2nConfig.class
com\platform\config\WebSocketConfig$SessionIdHandshakeInterceptor.class
com\platform\controller\WebSocketController.class
com\platform\controller\StatusController.class
com\platform\config\VirtualNetworkProperties.class
com\platform\repository\UserRepository.class
