D:\project\gamehall\platform\src\main\java\com\platform\config\VirtualNetworkProperties.java
D:\project\gamehall\platform\src\main\java\com\platform\controller\StatusController.java
D:\project\gamehall\platform\src\main\java\com\platform\service\impl\AbstractVirtualNetworkService.java
D:\project\gamehall\platform\src\main\java\com\platform\config\SchedulingConfig.java
D:\project\gamehall\platform\src\main\java\com\platform\config\WebSocketConfig.java
D:\project\gamehall\platform\src\main\java\com\platform\enums\MessageTarget.java
D:\project\gamehall\platform\src\main\java\com\platform\controller\MessageController.java
D:\project\gamehall\platform\src\main\java\com\platform\service\VirtualNetworkFactory.java
D:\project\gamehall\platform\src\main\java\com\platform\service\WebSocketService.java
D:\project\gamehall\platform\src\main\java\com\platform\config\N2nConfig.java
D:\project\gamehall\platform\src\main\java\com\platform\service\RoomService.java
D:\project\gamehall\platform\src\main\java\com\platform\service\MessageService.java
D:\project\gamehall\platform\src\main\java\com\platform\entity\NetworkInfo.java
D:\project\gamehall\platform\src\main\java\com\platform\entity\Room.java
D:\project\gamehall\platform\src\main\java\com\platform\controller\UserController.java
D:\project\gamehall\platform\src\main\java\com\platform\controller\WebSocketController.java
D:\project\gamehall\platform\src\main\java\com\platform\service\UserService.java
D:\project\gamehall\platform\src\main\java\com\platform\service\VirtualNetworkService.java
D:\project\gamehall\platform\src\main\java\com\platform\repository\RoomRepository.java
D:\project\gamehall\platform\src\main\java\com\platform\PlatformApplication.java
D:\project\gamehall\platform\src\main\java\com\platform\controller\RoomController.java
D:\project\gamehall\platform\src\main\java\com\platform\entity\User.java
D:\project\gamehall\platform\src\main\java\com\platform\repository\UserRepository.java
D:\project\gamehall\platform\src\main\java\com\platform\service\impl\n2n\N2NVirtualNetworkService.java
